src/pages/freelancer/community/CommunityPage.tsx(2,25): error TS2307: Cannot find module '@/contexts/AuthContext' or its corresponding type declarations.
src/pages/freelancer/community/CommunityPage.tsx(3,26): error TS2307: Cannot find module '@/integrations/supabase/client' or its corresponding type declarations.
src/pages/freelancer/community/CommunityPage.tsx(5,22): error TS2307: Cannot find module '@/components/ui/card' or its corresponding type declarations.
src/pages/freelancer/community/CommunityPage.tsx(6,58): error TS2307: Cannot find module '@/components/ui/tabs' or its corresponding type declarations.
src/pages/freelancer/community/CommunityPage.tsx(7,23): error TS2307: Cannot find module '@/components/ui/badge' or its corresponding type declarations.
src/pages/freelancer/community/CommunityPage.tsx(8,24): error TS2307: Cannot find module '@/components/ui/button' or its corresponding type declarations.
src/pages/freelancer/community/CommunityPage.tsx(9,53): error TS2307: Cannot find module '@/components/ui/avatar' or its corresponding type declarations.
src/pages/freelancer/community/CommunityPage.tsx(10,23): error TS2307: Cannot find module '@/components/ui/input' or its corresponding type declarations.
src/pages/freelancer/community/CommunityPage.tsx(11,57): error TS2307: Cannot find module '@/components/ui/popover' or its corresponding type declarations.
src/pages/freelancer/community/CommunityPage.tsx(12,93): error TS2307: Cannot find module '@/components/ui/command' or its corresponding type declarations.
src/pages/freelancer/community/CommunityPage.tsx(13,55): error TS2307: Cannot find module '@/components/ui/input-otp' or its corresponding type declarations.
src/pages/freelancer/community/CommunityPage.tsx(45,23): error TS2307: Cannot find module '@/components/ui/label' or its corresponding type declarations.
src/pages/freelancer/community/CommunityPage.tsx(46,20): error TS2307: Cannot find module '@/lib/utils' or its corresponding type declarations.
src/pages/freelancer/community/CommunityPage.tsx(49,23): error TS2307: Cannot find module '@/components/Preloader' or its corresponding type declarations.
